     VMA      LMA     Size Align Out     In      Symbol
       0        0 80200000     1 . = 0x80200000
80200000        0        0     1 __kernel_base = .
80200000 80200000     1480     4 .text
80200000 80200000        e     2         /tmp/kernel-6d6dd8.o:(.text.boot)
80200000 80200000        0     1                 .L0 
80200000 80200000        0     1                 .L0 
80200000 80200000        0     1                 $x
80200000 80200000        0     1                 .L0 
80200000 80200000        e     1                 boot
8020000e 8020000e        0     1                 .L0 
8020000e 8020000e        0     1                 .L0 
80200010 80200010     1236     4         /tmp/kernel-6d6dd8.o:(.text)
80200010 80200010        0     1                 .L0 
80200010 80200010        0     1                 .L0 
80200010 80200010        0     1                 $x
80200010 80200010        0     1                 .L0 
80200010 80200010       50     1                 alloc_pages
80200016 80200016        0     1                 .L0 
8020001e 8020001e        0     1                 .L0 
8020001e 8020001e        0     1                 .L0 
80200022 80200022        0     1                 .L0 
80200026 80200026        0     1                 .L0 
80200026 80200026        0     1                 .L0 
8020002e 8020002e        0     1                 .L0 
80200032 80200032        0     1                 .L0 
80200036 80200036        0     1                 .L0 
8020004c 8020004c        0     1                 .L0 
8020004c 8020004c        0     1                 .L0 
8020004e 8020004e        0     1                 .L0 
8020004e 8020004e        0     1                 .L0 
80200056 80200056        0     1                 .L0 
80200056 80200056        0     1                 .L0 
8020005c 8020005c        0     1                 .L0 
8020005c 8020005c        0     1                 .L0 
80200060 80200060        0     1                 .L0 
80200060 80200060        0     1                 .L0 
80200060 80200060        0     1                 .L0 
80200060 80200060        0     1                 .L0 
80200060 80200060        0     1                 .L0 
80200060 80200060       da     1                 map_page
80200070 80200070        0     1                 .L0 
80200070 80200070        0     1                 .L0 
80200074 80200074        0     1                 .L0 
80200078 80200078        0     1                 .L0 
80200086 80200086        0     1                 .L0 
80200088 80200088        0     1                 .L0 
8020008c 8020008c        0     1                 .L0 
8020008c 8020008c        0     1                 .L0 
8020008e 8020008e        0     1                 .L0 
8020008e 8020008e        0     1                 .L0 
8020008e 8020008e        0     1                 .L0 
80200092 80200092        0     1                 .L0 
80200094 80200094        0     1                 .L0 
80200096 80200096        0     1                 .L0 
8020009a 8020009a        0     1                 .L0 
802000a8 802000a8        0     1                 .L0 
802000aa 802000aa        0     1                 .L0 
802000ae 802000ae        0     1                 .L0 
802000ae 802000ae        0     1                 .L0 
802000b0 802000b0        0     1                 .L0 
802000b0 802000b0        0     1                 .L0 
802000b0 802000b0        0     1                 .L0 
802000bc 802000bc        0     1                 .L0 
802000bc 802000bc        0     1                 .L0 
802000c0 802000c0        0     1                 .L0 
802000c2 802000c2        0     1                 .L0 
802000c2 802000c2        0     1                 .L0 
802000ca 802000ca        0     1                 .L0 
802000ca 802000ca        0     1                 .L0 
802000cc 802000cc        0     1                 .L0 
802000ce 802000ce        0     1                 .L0 
802000d6 802000d6        0     1                 .L0 
802000da 802000da        0     1                 .L0 
802000de 802000de        0     1                 .L0 
802000f0 802000f0        0     1                 .L0 
802000f4 802000f4        0     1                 .L0 
802000f4 802000f4        0     1                 .L0 
802000f6 802000f6        0     1                 .L0 
802000f6 802000f6        0     1                 .L0 
802000f6 802000f6        0     1                 .L0 
802000f8 802000f8        0     1                 .L0 
802000f8 802000f8        0     1                 .L0 
80200100 80200100        0     1                 .L0 
80200104 80200104        0     1                 .L0 
80200104 80200104        0     1                 .L0 
80200108 80200108        0     1                 .L0 
80200108 80200108        0     1                 .L0 
8020010e 8020010e        0     1                 .L0 
80200110 80200110        0     1                 .L0 
80200112 80200112        0     1                 .L0 
80200112 80200112        0     1                 .L0 
80200112 80200112        0     1                 .L0 
80200116 80200116        0     1                 .L0 
80200116 80200116        0     1                 .L0 
80200118 80200118        0     1                 .L0 
8020011e 8020011e        0     1                 .L0 
80200120 80200120        0     1                 .L0 
80200120 80200120        0     1                 .L0 
80200124 80200124        0     1                 .L0 
80200128 80200128        0     1                 .L0 
80200128 80200128        0     1                 .L0 
80200136 80200136        0     1                 .L0 
8020013a 8020013a        0     1                 .L0 
8020013a 8020013a        0     1                 .L0 
8020013a 8020013a        0     1                 .L0 
8020013a 8020013a        0     1                 .L0 
8020013a 8020013a        0     1                 .L0 
8020013a 8020013a        6     1                 sbi_call
8020013e 8020013e        0     1                 .L0 
8020013e 8020013e        0     1                 .L0 
80200140 80200140        0     1                 .L0 
80200140 80200140        0     1                 .L0 
80200140 80200140        0     1                 .L0 
80200140 80200140        a     1                 virtio_reg_read32
80200146 80200146        0     1                 .L0 
80200146 80200146        0     1                 .L0 
80200148 80200148        0     1                 .L0 
8020014a 8020014a        0     1                 .L0 
8020014a 8020014a        0     1                 .L0 
8020014a 8020014a        0     1                 .L0 
8020014a 8020014a        c     1                 virtio_reg_read64
8020014e 8020014e        0     1                 .L0 
80200150 80200150        0     1                 .L0 
80200150 80200150        0     1                 .L0 
80200154 80200154        0     1                 .L0 
80200156 80200156        0     1                 .L0 
80200156 80200156        0     1                 .L0 
80200156 80200156        0     1                 .L0 
80200156 80200156        a     1                 virtio_reg_write32
8020015c 8020015c        0     1                 .L0 
8020015c 8020015c        0     1                 .L0 
8020015e 8020015e        0     1                 .L0 
80200160 80200160        0     1                 .L0 
80200160 80200160        0     1                 .L0 
80200160 80200160        0     1                 .L0 
80200160 80200160        e     1                 virtio_reg_fetch_and_or32
80200166 80200166        0     1                 .L0 
80200166 80200166        0     1                 .L0 
80200168 80200168        0     1                 .L0 
8020016a 8020016a        0     1                 .L0 
8020016a 8020016a        0     1                 .L0 
8020016c 8020016c        0     1                 .L0 
8020016e 8020016e        0     1                 .L0 
8020016e 8020016e        0     1                 .L0 
8020016e 8020016e        0     1                 .L0 
8020016e 8020016e       1a     1                 virtq_is_busy
80200174 80200174        0     1                 .L0 
80200176 80200176        0     1                 .L0 
80200176 80200176        0     1                 .L0 
80200178 80200178        0     1                 .L0 
8020017c 8020017c        0     1                 .L0 
80200180 80200180        0     1                 .L0 
80200186 80200186        0     1                 .L0 
80200188 80200188        0     1                 .L0 
80200188 80200188        0     1                 .L0 
80200188 80200188        0     1                 .L0 
80200188 80200188       36     1                 virtq_kick
80200192 80200192        0     1                 .L0 
80200194 80200194        0     1                 .L0 
80200198 80200198        0     1                 .L0 
8020019a 8020019a        0     1                 .L0 
8020019c 8020019c        0     1                 .L0 
802001a0 802001a0        0     1                 .L0 
802001a6 802001a6        0     1                 .L0 
802001aa 802001aa        0     1                 .L0 
802001ac 802001ac        0     1                 .L0 
802001ac 802001ac        0     1                 .L0 
802001b0 802001b0        0     1                 .L0 
802001b0 802001b0        0     1                 .L0 
802001b2 802001b2        0     1                 .L0 
802001bc 802001bc        0     1                 .L0 
802001be 802001be        0     1                 .L0 
802001be 802001be        0     1                 .L0 
802001be 802001be        0     1                 .L0 
802001be 802001be       76     1                 virtq_init
802001c6 802001c6        0     1                 .L0 
802001c6 802001c6        0     1                 .L0 
802001ce 802001ce        0     1                 .L0 
802001ce 802001ce        0     1                 .L0 
802001d0 802001d0        0     1                 .L0 
802001d2 802001d2        0     1                 .L0 
802001d4 802001d4        0     1                 .L0 
802001dc 802001dc        0     1                 .L0 
802001e0 802001e0        0     1                 .L0 
802001e4 802001e4        0     1                 .L0 
802001fa 802001fa        0     1                 .L0 
802001fa 802001fa        0     1                 .L0 
802001fc 802001fc        0     1                 .L0 
802001fc 802001fc        0     1                 .L0 
80200206 80200206        0     1                 .L0 
80200206 80200206        0     1                 .L0 
80200208 80200208        0     1                 .L0 
8020020c 8020020c        0     1                 .L0 
80200212 80200212        0     1                 .L0 
80200214 80200214        0     1                 .L0 
8020021c 8020021c        0     1                 .L0 
8020021c 8020021c        0     1                 .L0 
80200220 80200220        0     1                 .L0 
80200220 80200220        0     1                 .L0 
80200222 80200222        0     1                 .L0 
80200222 80200222        0     1                 .L0 
80200226 80200226        0     1                 .L0 
80200226 80200226        0     1                 .L0 
80200228 80200228        0     1                 .L0 
8020022e 8020022e        0     1                 .L0 
8020022e 8020022e        0     1                 .L0 
80200230 80200230        0     1                 .L0 
80200230 80200230        0     1                 .L0 
80200234 80200234        0     1                 .L0 
80200234 80200234        0     1                 .L0 
80200234 80200234        0     1                 .L0 
80200234 80200234        0     1                 .L0 
80200234 80200234        0     1                 .L0 
80200234 80200234      174     1                 virtio_blk_init
80200246 80200246        0     1                 .L0 
80200246 80200246        0     1                 .L0 
80200250 80200250        0     1                 .L0 
80200254 80200254        0     1                 .L0 
80200254 80200254        0     1                 .L0 
80200258 80200258        0     1                 .L0 
8020025c 8020025c        0     1                 .L0 
8020025c 8020025c        0     1                 .L0 
80200260 80200260        0     1                 .L0 
80200264 80200264        0     1                 .L0 
80200264 80200264        0     1                 .L0 
80200268 80200268        0     1                 .L0 
80200268 80200268        0     1                 .L0 
8020026a 8020026a        0     1                 .L0 
8020026e 8020026e        0     1                 .L0 
8020026e 8020026e        0     1                 .L0 
80200270 80200270        0     1                 .L0 
80200270 80200270        0     1                 .L0 
80200272 80200272        0     1                 .L0 
80200276 80200276        0     1                 .L0 
80200276 80200276        0     1                 .L0 
80200278 80200278        0     1                 .L0 
80200278 80200278        0     1                 .L0 
8020027a 8020027a        0     1                 .L0 
8020027e 8020027e        0     1                 .L0 
8020027e 8020027e        0     1                 .L0 
80200280 80200280        0     1                 .L0 
80200280 80200280        0     1                 .L0 
80200288 80200288        0     1                 .L0 
80200288 80200288        0     1                 .L0 
8020028a 8020028a        0     1                 .L0 
8020028c 8020028c        0     1                 .L0 
80200294 80200294        0     1                 .L0 
80200298 80200298        0     1                 .L0 
8020029c 8020029c        0     1                 .L0 
802002b2 802002b2        0     1                 .L0 
802002b2 802002b2        0     1                 .L0 
802002b4 802002b4        0     1                 .L0 
802002b4 802002b4        0     1                 .L0 
802002b4 802002b4        0     1                 .L0 
802002cc 802002cc        0     1                 .L0 
802002cc 802002cc        0     1                 .L0 
802002ce 802002ce        0     1                 .L0 
802002ce 802002ce        0     1                 .L0 
802002e6 802002e6        0     1                 .L0 
802002e6 802002e6        0     1                 .L0 
802002e8 802002e8        0     1                 .L0 
802002e8 802002e8        0     1                 .L0 
80200300 80200300        0     1                 .L0 
80200300 80200300        0     1                 .L0 
80200302 80200302        0     1                 .L0 
80200302 80200302        0     1                 .L0 
80200302 80200302        0     1                 .L0 
8020030c 8020030c        0     1                 .L0 
8020030c 8020030c        0     1                 .L0 
8020030e 8020030e        0     1                 .L0 
80200312 80200312        0     1                 .L0 
8020031a 8020031a        0     1                 .L0 
8020031c 8020031c        0     1                 .L0 
80200320 80200320        0     1                 .L0 
80200320 80200320        0     1                 .L0 
80200326 80200326        0     1                 .L0 
80200326 80200326        0     1                 .L0 
80200328 80200328        0     1                 .L0 
80200328 80200328        0     1                 .L0 
8020032c 8020032c        0     1                 .L0 
8020032c 8020032c        0     1                 .L0 
8020032e 8020032e        0     1                 .L0 
8020032e 8020032e        0     1                 .L0 
80200338 80200338        0     1                 .L0 
80200338 80200338        0     1                 .L0 
8020033a 8020033a        0     1                 .L0 
8020033a 8020033a        0     1                 .L0 
80200342 80200342        0     1                 .L0 
80200344 80200344        0     1                 .L0 
8020034c 8020034c        0     1                 .L0 
80200358 80200358        0     1                 .L0 
80200358 80200358        0     1                 .L0 
8020035c 8020035c        0     1                 .L0 
8020035c 8020035c        0     1                 .L0 
80200362 80200362        0     1                 .L0 
80200366 80200366        0     1                 .L0 
80200366 80200366        0     1                 .L0 
8020037c 8020037c        0     1                 .L0 
8020037c 8020037c        0     1                 .L0 
8020037e 8020037e        0     1                 .L0 
8020037e 8020037e        0     1                 .L0 
80200388 80200388        0     1                 .L0 
80200388 80200388        0     1                 .L0 
80200390 80200390        0     1                 .L0 
8020039c 8020039c        0     1                 .L0 
8020039c 8020039c        0     1                 .L0 
802003a4 802003a4        0     1                 .L0 
802003a8 802003a8        0     1                 .L0 
802003a8 802003a8        0     1                 .L0 
802003a8 802003a8        0     1                 .L0 
802003a8 802003a8        0     1                 .L0 
802003a8 802003a8        0     1                 .L0 
802003a8 802003a8      162     1                 read_write_disk
802003b2 802003b2        0     1                 .L0 
802003ba 802003ba        0     1                 .L0 
802003bc 802003bc        0     1                 .L0 
802003c0 802003c0        0     1                 .L0 
802003c2 802003c2        0     1                 .L0 
802003c4 802003c4        0     1                 .L0 
802003c4 802003c4        0     1                 .L0 
802003cc 802003cc        0     1                 .L0 
802003fa 802003fa        0     1                 .L0 
802003fe 802003fe        0     1                 .L0 
802003fe 802003fe        0     1                 .L0 
8020040e 8020040e        0     1                 .L0 
80200410 80200410        0     1                 .L0 
80200412 80200412        0     1                 .L0 
8020041c 8020041c        0     1                 .L0 
8020041c 8020041c        0     1                 .L0 
80200420 80200420        0     1                 .L0 
80200420 80200420        0     1                 .L0 
80200420 80200420        0     1                 .L0 
80200424 80200424        0     1                 .L0 
8020042a 8020042a        0     1                 .L0 
8020042a 8020042a        0     1                 .L0 
8020042c 8020042c        0     1                 .L0 
8020042c 8020042c        0     1                 .L0 
8020042e 8020042e        0     1                 .L0 
8020042e 8020042e        0     1                 .L0 
80200436 80200436        0     1                 .L0 
80200436 80200436        0     1                 .L0 
80200438 80200438        0     1                 .L0 
80200446 80200446        0     1                 .L0 
8020044e 8020044e        0     1                 .L0 
80200454 80200454        0     1                 .L0 
80200456 80200456        0     1                 .L0 
8020045a 8020045a        0     1                 .L0 
80200464 80200464        0     1                 .L0 
80200466 80200466        0     1                 .L0 
8020046c 8020046c        0     1                 .L0 
80200470 80200470        0     1                 .L0 
80200474 80200474        0     1                 .L0 
8020047a 8020047a        0     1                 .L0 
8020047a 8020047a        0     1                 .L0 
80200480 80200480        0     1                 .L0 
80200480 80200480        0     1                 .L0 
80200482 80200482        0     1                 .L0 
80200486 80200486        0     1                 .L0 
80200486 80200486        0     1                 .L0 
8020048a 8020048a        0     1                 .L0 
8020048c 8020048c        0     1                 .L0 
8020048c 8020048c        0     1                 .L0 
8020048e 8020048e        0     1                 .L0 
80200492 80200492        0     1                 .L0 
80200498 80200498        0     1                 .L0 
8020049c 8020049c        0     1                 .L0 
802004a2 802004a2        0     1                 .L0 
802004a2 802004a2        0     1                 .L0 
802004a4 802004a4        0     1                 .L0 
802004b6 802004b6        0     1                 .L0 
802004b6 802004b6        0     1                 .L0 
802004b6 802004b6        0     1                 .L0 
802004ba 802004ba        0     1                 .L0 
802004be 802004be        0     1                 .L0 
802004c6 802004c6        0     1                 .L0 
802004ca 802004ca        0     1                 .L0 
802004cc 802004cc        0     1                 .L0 
802004ce 802004ce        0     1                 .L0 
802004d6 802004d6        0     1                 .L0 
802004d6 802004d6        0     1                 .L0 
802004d6 802004d6        0     1                 .L0 
802004e0 802004e0        0     1                 .L0 
802004e4 802004e4        0     1                 .L0 
802004e4 802004e4        0     1                 .L0 
802004e4 802004e4        0     1                 .L0 
802004e6 802004e6        0     1                 .L0 
802004ea 802004ea        0     1                 .L0 
802004ec 802004ec        0     1                 .L0 
802004ee 802004ee        0     1                 .L0 
802004f2 802004f2        0     1                 .L0 
802004f2 802004f2        0     1                 .L0 
802004f2 802004f2        0     1                 .L0 
802004f6 802004f6        0     1                 .L0 
80200500 80200500        0     1                 .L0 
80200500 80200500        0     1                 .L0 
80200502 80200502        0     1                 .L0 
80200504 80200504        0     1                 .L0 
80200506 80200506        0     1                 .L0 
8020050a 8020050a        0     1                 .L0 
8020050a 8020050a        0     1                 .L0 
8020050a 8020050a        0     1                 .L0 
8020050a 8020050a        0     1                 .L0 
8020050a 8020050a        0     1                 .L0 
8020050a 8020050a       26     1                 oct2int
8020050c 8020050c        0     1                 .L0 
8020050c 8020050c        0     1                 .L0 
80200510 80200510        0     1                 .L0 
80200512 80200512        0     1                 .L0 
80200512 80200512        0     1                 .L0 
80200512 80200512        0     1                 .L0 
80200516 80200516        0     1                 .L0 
8020051e 8020051e        0     1                 .L0 
80200520 80200520        0     1                 .L0 
80200520 80200520        0     1                 .L0 
80200522 80200522        0     1                 .L0 
80200526 80200526        0     1                 .L0 
80200526 80200526        0     1                 .L0 
8020052a 8020052a        0     1                 .L0 
8020052c 8020052c        0     1                 .L0 
8020052c 8020052c        0     1                 .L0 
8020052c 8020052c        0     1                 .L0 
80200530 80200530        0     1                 .L0 
80200530 80200530        0     1                 .L0 
80200530 80200530        0     1                 .L0 
80200530 80200530        0     1                 .L0 
80200530 80200530        0     1                 .L0 
80200530 80200530      2ba     1                 fs_flush
8020054a 8020054a        0     1                 .L0 
8020055e 8020055e        0     1                 .L0 
8020055e 8020055e        0     1                 .L0 
80200564 80200564        0     1                 .L0 
8020058e 8020058e        0     1                 .L0 
8020058e 8020058e        0     1                 .L0 
8020058e 8020058e        0     1                 .L0 
80200594 80200594        0     1                 .L0 
80200594 80200594        0     1                 .L0 
80200596 80200596        0     1                 .L0 
8020059a 8020059a        0     1                 .L0 
8020059a 8020059a        0     1                 .L0 
8020059a 8020059a        0     1                 .L0 
802005a0 802005a0        0     1                 .L0 
802005a0 802005a0        0     1                 .L0 
802005a2 802005a2        0     1                 .L0 
802005a2 802005a2        0     1                 .L0 
802005a4 802005a4        0     1                 .L0 
802005a8 802005a8        0     1                 .L0 
802005a8 802005a8        0     1                 .L0 
802005b4 802005b4        0     1                 .L0 
802005b4 802005b4        0     1                 .L0 
802005b8 802005b8        0     1                 .L0 
802005be 802005be        0     1                 .L0 
802005be 802005be        0     1                 .L0 
802005c2 802005c2        0     1                 .L0 
802005c8 802005c8        0     1                 .L0 
802005c8 802005c8        0     1                 .L0 
802005cc 802005cc        0     1                 .L0 
802005d2 802005d2        0     1                 .L0 
802005d2 802005d2        0     1                 .L0 
802005d6 802005d6        0     1                 .L0 
802005dc 802005dc        0     1                 .L0 
802005dc 802005dc        0     1                 .L0 
802005e0 802005e0        0     1                 .L0 
802005e0 802005e0        0     1                 .L0 
802005e4 802005e4        0     1                 .L0 
802005e4 802005e4        0     1                 .L0 
802005f2 802005f2        0     1                 .L0 
802005f2 802005f2        0     1                 .L0 
802005fa 802005fa        0     1                 .L0 
802005fe 802005fe        0     1                 .L0 
80200602 80200602        0     1                 .L0 
80200602 80200602        0     1                 .L0 
8020060e 8020060e        0     1                 .L0 
8020060e 8020060e        0     1                 .L0 
80200612 80200612        0     1                 .L0 
80200616 80200616        0     1                 .L0 
8020061e 8020061e        0     1                 .L0 
8020061e 8020061e        0     1                 .L0 
8020062a 8020062a        0     1                 .L0 
8020062a 8020062a        0     1                 .L0 
8020062e 8020062e        0     1                 .L0 
80200632 80200632        0     1                 .L0 
8020063a 8020063a        0     1                 .L0 
8020063a 8020063a        0     1                 .L0 
80200646 80200646        0     1                 .L0 
80200646 80200646        0     1                 .L0 
8020064a 8020064a        0     1                 .L0 
8020064e 8020064e        0     1                 .L0 
80200656 80200656        0     1                 .L0 
80200656 80200656        0     1                 .L0 
80200662 80200662        0     1                 .L0 
80200662 80200662        0     1                 .L0 
80200666 80200666        0     1                 .L0 
8020066a 8020066a        0     1                 .L0 
80200672 80200672        0     1                 .L0 
80200672 80200672        0     1                 .L0 
8020067e 8020067e        0     1                 .L0 
8020067e 8020067e        0     1                 .L0 
80200682 80200682        0     1                 .L0 
80200686 80200686        0     1                 .L0 
8020068e 8020068e        0     1                 .L0 
8020068e 8020068e        0     1                 .L0 
8020069c 8020069c        0     1                 .L0 
8020069c 8020069c        0     1                 .L0 
802006a0 802006a0        0     1                 .L0 
802006a4 802006a4        0     1                 .L0 
802006ac 802006ac        0     1                 .L0 
802006ac 802006ac        0     1                 .L0 
802006ba 802006ba        0     1                 .L0 
802006ba 802006ba        0     1                 .L0 
802006be 802006be        0     1                 .L0 
802006c2 802006c2        0     1                 .L0 
802006cc 802006cc        0     1                 .L0 
802006cc 802006cc        0     1                 .L0 
802006da 802006da        0     1                 .L0 
802006da 802006da        0     1                 .L0 
802006de 802006de        0     1                 .L0 
802006e2 802006e2        0     1                 .L0 
802006ea 802006ea        0     1                 .L0 
802006ea 802006ea        0     1                 .L0 
802006f8 802006f8        0     1                 .L0 
802006f8 802006f8        0     1                 .L0 
802006fc 802006fc        0     1                 .L0 
80200700 80200700        0     1                 .L0 
80200706 80200706        0     1                 .L0 
80200706 80200706        0     1                 .L0 
8020070a 8020070a        0     1                 .L0 
8020070a 8020070a        0     1                 .L0 
8020070e 8020070e        0     1                 .L0 
80200712 80200712        0     1                 .L0 
80200712 80200712        0     1                 .L0 
8020071c 8020071c        0     1                 .L0 
8020071c 8020071c        0     1                 .L0 
8020071c 8020071c        0     1                 .L0 
80200720 80200720        0     1                 .L0 
80200722 80200722        0     1                 .L0 
80200724 80200724        0     1                 .L0 
80200728 80200728        0     1                 .L0 
80200728 80200728        0     1                 .L0 
80200730 80200730        0     1                 .L0 
80200734 80200734        0     1                 .L0 
80200734 80200734        0     1                 .L0 
8020073e 8020073e        0     1                 .L0 
80200742 80200742        0     1                 .L0 
80200742 80200742        0     1                 .L0 
8020074c 8020074c        0     1                 .L0 
80200750 80200750        0     1                 .L0 
80200750 80200750        0     1                 .L0 
8020075a 8020075a        0     1                 .L0 
8020075e 8020075e        0     1                 .L0 
8020075e 8020075e        0     1                 .L0 
80200768 80200768        0     1                 .L0 
8020076c 8020076c        0     1                 .L0 
8020076c 8020076c        0     1                 .L0 
80200774 80200774        0     1                 .L0 
80200778 80200778        0     1                 .L0 
80200778 80200778        0     1                 .L0 
8020077c 8020077c        0     1                 .L0 
80200780 80200780        0     1                 .L0 
80200780 80200780        0     1                 .L0 
8020078c 8020078c        0     1                 .L0 
8020078e 8020078e        0     1                 .L0 
80200790 80200790        0     1                 .L0 
80200790 80200790        0     1                 .L0 
80200790 80200790        0     1                 .L0 
80200796 80200796        0     1                 .L0 
802007a0 802007a0        0     1                 .L0 
802007aa 802007aa        0     1                 .L0 
802007b4 802007b4        0     1                 .L0 
802007c0 802007c0        0     1                 .L0 
802007c0 802007c0        0     1                 .L0 
802007e0 802007e0        0     1                 .L0 
802007e0 802007e0        0     1                 .L0 
802007e4 802007e4        0     1                 .L0 
802007e6 802007e6        0     1                 .L0 
802007ea 802007ea        0     1                 .L0 
802007ea 802007ea        0     1                 .L0 
802007ea 802007ea        0     1                 .L0 
802007ea 802007ea        0     1                 .L0 
802007ea 802007ea        0     1                 .L0 
802007ea 802007ea      20c     1                 fs_init
80200806 80200806        0     1                 .L0 
80200806 80200806        0     1                 .L0 
80200816 80200816        0     1                 .L0 
80200822 80200822        0     1                 .L0 
8020082c 8020082c        0     1                 .L0 
80200836 80200836        0     1                 .L0 
80200842 80200842        0     1                 .L0 
80200842 80200842        0     1                 .L0 
80200862 80200862        0     1                 .L0 
80200862 80200862        0     1                 .L0 
80200864 80200864        0     1                 .L0 
80200864 80200864        0     1                 .L0 
80200864 80200864        0     1                 .L0 
80200870 80200870        0     1                 .L0 
80200870 80200870        0     1                 .L0 
80200872 80200872        0     1                 .L0 
80200872 80200872        0     1                 .L0 
80200876 80200876        0     1                 .L0 
8020087a 8020087a        0     1                 .L0 
80200882 80200882        0     1                 .L0 
80200882 80200882        0     1                 .L0 
80200886 80200886        0     1                 .L0 
8020088a 8020088a        0     1                 .L0 
80200890 80200890        0     1                 .L0 
80200890 80200890        0     1                 .L0 
80200894 80200894        0     1                 .L0 
8020089e 8020089e        0     1                 .L0 
8020089e 8020089e        0     1                 .L0 
802008a2 802008a2        0     1                 .L0 
802008a6 802008a6        0     1                 .L0 
802008a6 802008a6        0     1                 .L0 
802008aa 802008aa        0     1                 .L0 
802008aa 802008aa        0     1                 .L0 
802008ac 802008ac        0     1                 .L0 
802008ac 802008ac        0     1                 .L0 
802008ae 802008ae        0     1                 .L0 
802008ae 802008ae        0     1                 .L0 
802008b2 802008b2        0     1                 .L0 
802008b2 802008b2        0     1                 .L0 
802008b2 802008b2        0     1                 .L0 
802008b6 802008b6        0     1                 .L0 
802008b6 802008b6        0     1                 .L0 
802008ba 802008ba        0     1                 .L0 
802008be 802008be        0     1                 .L0 
802008c2 802008c2        0     1                 .L0 
802008ca 802008ca        0     1                 .L0 
802008ca 802008ca        0     1                 .L0 
802008ce 802008ce        0     1                 .L0 
802008ce 802008ce        0     1                 .L0 
802008d2 802008d2        0     1                 .L0 
802008da 802008da        0     1                 .L0 
802008de 802008de        0     1                 .L0 
802008e2 802008e2        0     1                 .L0 
802008e6 802008e6        0     1                 .L0 
802008e6 802008e6        0     1                 .L0 
802008ea 802008ea        0     1                 .L0 
802008ee 802008ee        0     1                 .L0 
802008f0 802008f0        0     1                 .L0 
802008f0 802008f0        0     1                 .L0 
802008f2 802008f2        0     1                 .L0 
802008f6 802008f6        0     1                 .L0 
802008fa 802008fa        0     1                 .L0 
802008fa 802008fa        0     1                 .L0 
802008fe 802008fe        0     1                 .L0 
80200902 80200902        0     1                 .L0 
80200904 80200904        0     1                 .L0 
80200904 80200904        0     1                 .L0 
80200906 80200906        0     1                 .L0 
8020090a 8020090a        0     1                 .L0 
8020090e 8020090e        0     1                 .L0 
8020090e 8020090e        0     1                 .L0 
80200912 80200912        0     1                 .L0 
80200916 80200916        0     1                 .L0 
80200918 80200918        0     1                 .L0 
80200918 80200918        0     1                 .L0 
8020091a 8020091a        0     1                 .L0 
8020091e 8020091e        0     1                 .L0 
80200922 80200922        0     1                 .L0 
80200922 80200922        0     1                 .L0 
80200926 80200926        0     1                 .L0 
8020092a 8020092a        0     1                 .L0 
8020092c 8020092c        0     1                 .L0 
8020092c 8020092c        0     1                 .L0 
8020092e 8020092e        0     1                 .L0 
80200932 80200932        0     1                 .L0 
80200936 80200936        0     1                 .L0 
80200936 80200936        0     1                 .L0 
8020093a 8020093a        0     1                 .L0 
8020093e 8020093e        0     1                 .L0 
80200940 80200940        0     1                 .L0 
80200940 80200940        0     1                 .L0 
80200942 80200942        0     1                 .L0 
80200946 80200946        0     1                 .L0 
8020094a 8020094a        0     1                 .L0 
8020094a 8020094a        0     1                 .L0 
8020094e 8020094e        0     1                 .L0 
80200952 80200952        0     1                 .L0 
80200954 80200954        0     1                 .L0 
80200954 80200954        0     1                 .L0 
80200956 80200956        0     1                 .L0 
8020095a 8020095a        0     1                 .L0 
8020095e 8020095e        0     1                 .L0 
8020095e 8020095e        0     1                 .L0 
80200962 80200962        0     1                 .L0 
80200966 80200966        0     1                 .L0 
80200968 80200968        0     1                 .L0 
80200968 80200968        0     1                 .L0 
8020096a 8020096a        0     1                 .L0 
8020096e 8020096e        0     1                 .L0 
80200972 80200972        0     1                 .L0 
80200972 80200972        0     1                 .L0 
80200976 80200976        0     1                 .L0 
8020097a 8020097a        0     1                 .L0 
8020097c 8020097c        0     1                 .L0 
8020097c 8020097c        0     1                 .L0 
8020097e 8020097e        0     1                 .L0 
80200982 80200982        0     1                 .L0 
80200986 80200986        0     1                 .L0 
80200986 80200986        0     1                 .L0 
8020098a 8020098a        0     1                 .L0 
8020098e 8020098e        0     1                 .L0 
80200990 80200990        0     1                 .L0 
80200990 80200990        0     1                 .L0 
80200992 80200992        0     1                 .L0 
80200996 80200996        0     1                 .L0 
8020099a 8020099a        0     1                 .L0 
8020099a 8020099a        0     1                 .L0 
8020099e 8020099e        0     1                 .L0 
802009a2 802009a2        0     1                 .L0 
802009a4 802009a4        0     1                 .L0 
802009a4 802009a4        0     1                 .L0 
802009a6 802009a6        0     1                 .L0 
802009aa 802009aa        0     1                 .L0 
802009ae 802009ae        0     1                 .L0 
802009ae 802009ae        0     1                 .L0 
802009b2 802009b2        0     1                 .L0 
802009b4 802009b4        0     1                 .L0 
802009b4 802009b4        0     1                 .L0 
802009b6 802009b6        0     1                 .L0 
802009ba 802009ba        0     1                 .L0 
802009ba 802009ba        0     1                 .L0 
802009bc 802009bc        0     1                 .L0 
802009bc 802009bc        0     1                 .L0 
802009ce 802009ce        0     1                 .L0 
802009d6 802009d6        0     1                 .L0 
802009da 802009da        0     1                 .L0 
802009da 802009da        0     1                 .L0 
802009da 802009da        0     1                 .L0 
802009f4 802009f4        0     1                 .L0 
802009f4 802009f4        0     1                 .L0 
802009f6 802009f6        0     1                 .L0 
802009f6 802009f6        0     1                 .L0 
802009f6 802009f6        0     1                 .L0 
802009f6 802009f6        0     1                 .L0 
802009f6 802009f6        0     1                 .L0 
802009f6 802009f6        0     1                 .L0 
802009f6 802009f6       48     1                 fs_lookup
80200a00 80200a00        0     1                 .L0 
80200a00 80200a00        0     1                 .L0 
80200a08 80200a08        0     1                 .L0 
80200a12 80200a12        0     1                 .L0 
80200a12 80200a12        0     1                 .L0 
80200a14 80200a14        0     1                 .L0 
80200a14 80200a14        0     1                 .L0 
80200a18 80200a18        0     1                 .L0 
80200a26 80200a26        0     1                 .L0 
80200a2a 80200a2a        0     1                 .L0 
80200a2a 80200a2a        0     1                 .L0 
80200a30 80200a30        0     1                 .L0 
80200a32 80200a32        0     1                 .L0 
80200a32 80200a32        0     1                 .L0 
80200a32 80200a32        0     1                 .L0 
80200a38 80200a38        0     1                 .L0 
80200a38 80200a38        0     1                 .L0 
80200a3a 80200a3a        0     1                 .L0 
80200a3e 80200a3e        0     1                 .L0 
80200a3e 80200a3e        0     1                 .L0 
80200a3e 80200a3e        0     1                 .L0 
80200a3e 80200a3e        0     1                 .L0 
80200a3e 80200a3e        0     1                 .L0 
80200a3e 80200a3e       14     1                 putchar
80200a50 80200a50        0     1                 .L0 
80200a50 80200a50        0     1                 .L0 
80200a52 80200a52        0     1                 .L0 
80200a52 80200a52        0     1                 .L0 
80200a52 80200a52        0     1                 .L0 
80200a52 80200a52       16     1                 getchar
80200a66 80200a66        0     1                 .L0 
80200a66 80200a66        0     1                 .L0 
80200a68 80200a68        0     1                 .L0 
80200a68 80200a68        0     1                 .L0 
80200a68 80200a68        0     1                 .L0 
80200a68 80200a68        0     1                 .L0 
80200a68 80200a68       96     1                 kernel_entry
80200afe 80200afe        0     1                 .L0 
80200afe 80200afe        0     1                 .L0 
80200afe 80200afe        0     1                 .L0 
80200afe 80200afe        0     1                 .L0 
80200afe 80200afe        0     1                 .L0 
80200afe 80200afe       18     1                 user_entry
80200b0a 80200b0a        0     1                 .L0 
80200b16 80200b16        0     1                 .L0 
80200b16 80200b16        0     1                 .L0 
80200b16 80200b16        0     1                 .L0 
80200b16 80200b16       46     1                 switch_context
80200b5c 80200b5c        0     1                 .L0 
80200b5c 80200b5c        0     1                 .L0 
80200b5c 80200b5c        0     1                 .L0 
80200b5c 80200b5c      26e     1                 create_process
80200b78 80200b78        0     1                 .L0 
80200b86 80200b86        0     1                 .L0 
80200b86 80200b86        0     1                 .L0 
80200b88 80200b88        0     1                 .L0 
80200b88 80200b88        0     1                 .L0 
80200b8a 80200b8a        0     1                 .L0 
80200b8a 80200b8a        0     1                 .L0 
80200b92 80200b92        0     1                 .L0 
80200b94 80200b94        0     1                 .L0 
80200b94 80200b94        0     1                 .L0 
80200b9c 80200b9c        0     1                 .L0 
80200b9e 80200b9e        0     1                 .L0 
80200b9e 80200b9e        0     1                 .L0 
80200ba6 80200ba6        0     1                 .L0 
80200ba8 80200ba8        0     1                 .L0 
80200ba8 80200ba8        0     1                 .L0 
80200bb0 80200bb0        0     1                 .L0 
80200bb2 80200bb2        0     1                 .L0 
80200bb2 80200bb2        0     1                 .L0 
80200bba 80200bba        0     1                 .L0 
80200bbc 80200bbc        0     1                 .L0 
80200bbc 80200bbc        0     1                 .L0 
80200bc4 80200bc4        0     1                 .L0 
80200bc6 80200bc6        0     1                 .L0 
80200bc6 80200bc6        0     1                 .L0 
80200bce 80200bce        0     1                 .L0 
80200bd0 80200bd0        0     1                 .L0 
80200bd0 80200bd0        0     1                 .L0 
80200be6 80200be6        0     1                 .L0 
80200be6 80200be6        0     1                 .L0 
80200be8 80200be8        0     1                 .L0 
80200be8 80200be8        0     1                 .L0 
80200be8 80200be8        0     1                 .L0 
80200bec 80200bec        0     1                 .L0 
80200bec 80200bec        0     1                 .L0 
80200bf2 80200bf2        0     1                 .L0 
80200bf4 80200bf4        0     1                 .L0 
80200bf4 80200bf4        0     1                 .L0 
80200bf4 80200bf4        0     1                 .L0 
80200bfc 80200bfc        0     1                 .L0 
80200bfe 80200bfe        0     1                 .L0 
80200bfe 80200bfe        0     1                 .L0 
80200bfe 80200bfe        0     1                 .L0 
80200c06 80200c06        0     1                 .L0 
80200c08 80200c08        0     1                 .L0 
80200c08 80200c08        0     1                 .L0 
80200c08 80200c08        0     1                 .L0 
80200c10 80200c10        0     1                 .L0 
80200c12 80200c12        0     1                 .L0 
80200c12 80200c12        0     1                 .L0 
80200c12 80200c12        0     1                 .L0 
80200c1a 80200c1a        0     1                 .L0 
80200c1c 80200c1c        0     1                 .L0 
80200c1c 80200c1c        0     1                 .L0 
80200c1c 80200c1c        0     1                 .L0 
80200c24 80200c24        0     1                 .L0 
80200c26 80200c26        0     1                 .L0 
80200c26 80200c26        0     1                 .L0 
80200c26 80200c26        0     1                 .L0 
80200c2e 80200c2e        0     1                 .L0 
80200c2e 80200c2e        0     1                 .L0 
80200c34 80200c34        0     1                 .L0 
80200c36 80200c36        0     1                 .L0 
80200c36 80200c36        0     1                 .L0 
80200c3a 80200c3a        0     1                 .L0 
80200c3a 80200c3a        0     1                 .L0 
80200c3e 80200c3e        0     1                 .L0 
80200c3e 80200c3e        0     1                 .L0 
80200c42 80200c42        0     1                 .L0 
80200c42 80200c42        0     1                 .L0 
80200c46 80200c46        0     1                 .L0 
80200c46 80200c46        0     1                 .L0 
80200c4a 80200c4a        0     1                 .L0 
80200c4a 80200c4a        0     1                 .L0 
80200c4e 80200c4e        0     1                 .L0 
80200c4e 80200c4e        0     1                 .L0 
80200c52 80200c52        0     1                 .L0 
80200c52 80200c52        0     1                 .L0 
80200c56 80200c56        0     1                 .L0 
80200c56 80200c56        0     1                 .L0 
80200c5a 80200c5a        0     1                 .L0 
80200c5a 80200c5a        0     1                 .L0 
80200c5e 80200c5e        0     1                 .L0 
80200c5e 80200c5e        0     1                 .L0 
80200c62 80200c62        0     1                 .L0 
80200c62 80200c62        0     1                 .L0 
80200c6a 80200c6a        0     1                 .L0 
80200c6a 80200c6a        0     1                 .L0 
80200c78 80200c78        0     1                 .L0 
80200c78 80200c78        0     1                 .L0 
80200c7e 80200c7e        0     1                 .L0 
80200c86 80200c86        0     1                 .L0 
80200c86 80200c86        0     1                 .L0 
80200c8a 80200c8a        0     1                 .L0 
80200c8a 80200c8a        0     1                 .L0 
80200c8e 80200c8e        0     1                 .L0 
80200c8e 80200c8e        0     1                 .L0 
80200ca2 80200ca2        0     1                 .L0 
80200ca2 80200ca2        0     1                 .L0 
80200ca4 80200ca4        0     1                 .L0 
80200ca4 80200ca4        0     1                 .L0 
80200ca6 80200ca6        0     1                 .L0 
80200cb0 80200cb0        0     1                 .L0 
80200cb0 80200cb0        0     1                 .L0 
80200cb8 80200cb8        0     1                 .L0 
80200cb8 80200cb8        0     1                 .L0 
80200cbc 80200cbc        0     1                 .L0 
80200cbc 80200cbc        0     1                 .L0 
80200cbc 80200cbc        0     1                 .L0 
80200cc8 80200cc8        0     1                 .L0 
80200cc8 80200cc8        0     1                 .L0 
80200cca 80200cca        0     1                 .L0 
80200cce 80200cce        0     1                 .L0 
80200cce 80200cce        0     1                 .L0 
80200cce 80200cce        0     1                 .L0 
80200cd2 80200cd2        0     1                 .L0 
80200cd6 80200cd6        0     1                 .L0 
80200cd8 80200cd8        0     1                 .L0 
80200cd8 80200cd8        0     1                 .L0 
80200ce0 80200ce0        0     1                 .L0 
80200ce0 80200ce0        0     1                 .L0 
80200ce2 80200ce2        0     1                 .L0 
80200ce8 80200ce8        0     1                 .L0 
80200cec 80200cec        0     1                 .L0 
80200d00 80200d00        0     1                 .L0 
80200d00 80200d00        0     1                 .L0 
80200d02 80200d02        0     1                 .L0 
80200d02 80200d02        0     1                 .L0 
80200d0a 80200d0a        0     1                 .L0 
80200d0a 80200d0a        0     1                 .L0 
80200d0c 80200d0c        0     1                 .L0 
80200d10 80200d10        0     1                 .L0 
80200d12 80200d12        0     1                 .L0 
80200d16 80200d16        0     1                 .L0 
80200d16 80200d16        0     1                 .L0 
80200d16 80200d16        0     1                 .L0 
80200d1a 80200d1a        0     1                 .L0 
80200d1a 80200d1a        0     1                 .L0 
80200d22 80200d22        0     1                 .L0 
80200d24 80200d24        0     1                 .L0 
80200d24 80200d24        0     1                 .L0 
80200d28 80200d28        0     1                 .L0 
80200d28 80200d28        0     1                 .L0 
80200d3a 80200d3a        0     1                 .L0 
80200d3a 80200d3a        0     1                 .L0 
80200d3c 80200d3c        0     1                 .L0 
80200d3c 80200d3c        0     1                 .L0 
80200d3e 80200d3e        0     1                 .L0 
80200d42 80200d42        0     1                 .L0 
80200d42 80200d42        0     1                 .L0 
80200d46 80200d46        0     1                 .L0 
80200d50 80200d50        0     1                 .L0 
80200d50 80200d50        0     1                 .L0 
80200d52 80200d52        0     1                 .L0 
80200d52 80200d52        0     1                 .L0 
80200d5a 80200d5a        0     1                 .L0 
80200d5e 80200d5e        0     1                 .L0 
80200d5e 80200d5e        0     1                 .L0 
80200d5e 80200d5e        0     1                 .L0 
80200d62 80200d62        0     1                 .L0 
80200d62 80200d62        0     1                 .L0 
80200d6a 80200d6a        0     1                 .L0 
80200d6e 80200d6e        0     1                 .L0 
80200d76 80200d76        0     1                 .L0 
80200d76 80200d76        0     1                 .L0 
80200d78 80200d78        0     1                 .L0 
80200d78 80200d78        0     1                 .L0 
80200d7c 80200d7c        0     1                 .L0 
80200d7c 80200d7c        0     1                 .L0 
80200d80 80200d80        0     1                 .L0 
80200d82 80200d82        0     1                 .L0 
80200d88 80200d88        0     1                 .L0 
80200d8c 80200d8c        0     1                 .L0 
80200d90 80200d90        0     1                 .L0 
80200d94 80200d94        0     1                 .L0 
80200da2 80200da2        0     1                 .L0 
80200da2 80200da2        0     1                 .L0 
80200da4 80200da4        0     1                 .L0 
80200da6 80200da6        0     1                 .L0 
80200daa 80200daa        0     1                 .L0 
80200db0 80200db0        0     1                 .L0 
80200db4 80200db4        0     1                 .L0 
80200db4 80200db4        0     1                 .L0 
80200db4 80200db4        0     1                 .L0 
80200dc8 80200dc8        0     1                 .L0 
80200dc8 80200dc8        0     1                 .L0 
80200dca 80200dca        0     1                 .L0 
80200dca 80200dca        0     1                 .L0 
80200dca 80200dca        0     1                 .L0 
80200dca 80200dca        0     1                 .L0 
80200dca 80200dca        0     1                 .L0 
80200dca 80200dca        0     1                 .L0 
80200dca 80200dca      196     1                 yield
80200dd4 80200dd4        0     1                 .L0 
80200dd8 80200dd8        0     1                 .L0 
80200dd8 80200dd8        0     1                 .L0 
80200de6 80200de6        0     1                 .L0 
80200df8 80200df8        0     1                 .L0 
80200df8 80200df8        0     1                 .L0 
80200dfa 80200dfa        0     1                 .L0 
80200dfa 80200dfa        0     1                 .L0 
80200dfe 80200dfe        0     1                 .L0 
80200dfe 80200dfe        0     1                 .L0 
80200e00 80200e00        0     1                 .L0 
80200e00 80200e00        0     1                 .L0 
80200e04 80200e04        0     1                 .L0 
80200e06 80200e06        0     1                 .L0 
80200e0a 80200e0a        0     1                 .L0 
80200e0a 80200e0a        0     1                 .L0 
80200e0a 80200e0a        0     1                 .L0 
80200e0e 80200e0e        0     1                 .L0 
80200e12 80200e12        0     1                 .L0 
80200e1a 80200e1a        0     1                 .L0 
80200e26 80200e26        0     1                 .L0 
80200e26 80200e26        0     1                 .L0 
80200e28 80200e28        0     1                 .L0 
80200e2c 80200e2c        0     1                 .L0 
80200e2e 80200e2e        0     1                 .L0 
80200e32 80200e32        0     1                 .L0 
80200e32 80200e32        0     1                 .L0 
80200e32 80200e32        0     1                 .L0 
80200e36 80200e36        0     1                 .L0 
80200e3a 80200e3a        0     1                 .L0 
80200e42 80200e42        0     1                 .L0 
80200e4e 80200e4e        0     1                 .L0 
80200e4e 80200e4e        0     1                 .L0 
80200e52 80200e52        0     1                 .L0 
80200e56 80200e56        0     1                 .L0 
80200e58 80200e58        0     1                 .L0 
80200e5c 80200e5c        0     1                 .L0 
80200e5c 80200e5c        0     1                 .L0 
80200e5c 80200e5c        0     1                 .L0 
80200e60 80200e60        0     1                 .L0 
80200e64 80200e64        0     1                 .L0 
80200e6c 80200e6c        0     1                 .L0 
80200e78 80200e78        0     1                 .L0 
80200e78 80200e78        0     1                 .L0 
80200e7a 80200e7a        0     1                 .L0 
80200e7e 80200e7e        0     1                 .L0 
80200e80 80200e80        0     1                 .L0 
80200e84 80200e84        0     1                 .L0 
80200e84 80200e84        0     1                 .L0 
80200e84 80200e84        0     1                 .L0 
80200e88 80200e88        0     1                 .L0 
80200e8c 80200e8c        0     1                 .L0 
80200e94 80200e94        0     1                 .L0 
80200ea0 80200ea0        0     1                 .L0 
80200ea0 80200ea0        0     1                 .L0 
80200ea4 80200ea4        0     1                 .L0 
80200ea8 80200ea8        0     1                 .L0 
80200eaa 80200eaa        0     1                 .L0 
80200eae 80200eae        0     1                 .L0 
80200eae 80200eae        0     1                 .L0 
80200eae 80200eae        0     1                 .L0 
80200eb2 80200eb2        0     1                 .L0 
80200eb6 80200eb6        0     1                 .L0 
80200ebe 80200ebe        0     1                 .L0 
80200eca 80200eca        0     1                 .L0 
80200eca 80200eca        0     1                 .L0 
80200ecc 80200ecc        0     1                 .L0 
80200ed0 80200ed0        0     1                 .L0 
80200ed2 80200ed2        0     1                 .L0 
80200ed6 80200ed6        0     1                 .L0 
80200ed6 80200ed6        0     1                 .L0 
80200ed6 80200ed6        0     1                 .L0 
80200eda 80200eda        0     1                 .L0 
80200ede 80200ede        0     1                 .L0 
80200ee6 80200ee6        0     1                 .L0 
80200ef2 80200ef2        0     1                 .L0 
80200ef2 80200ef2        0     1                 .L0 
80200ef6 80200ef6        0     1                 .L0 
80200efa 80200efa        0     1                 .L0 
80200efc 80200efc        0     1                 .L0 
80200f00 80200f00        0     1                 .L0 
80200f00 80200f00        0     1                 .L0 
80200f00 80200f00        0     1                 .L0 
80200f02 80200f02        0     1                 .L0 
80200f0e 80200f0e        0     1                 .L0 
80200f1a 80200f1a        0     1                 .L0 
80200f1c 80200f1c        0     1                 .L0 
80200f20 80200f20        0     1                 .L0 
80200f22 80200f22        0     1                 .L0 
80200f26 80200f26        0     1                 .L0 
80200f26 80200f26        0     1                 .L0 
80200f26 80200f26        0     1                 .L0 
80200f28 80200f28        0     1                 .L0 
80200f28 80200f28        0     1                 .L0 
80200f28 80200f28        0     1                 .L0 
80200f2c 80200f2c        0     1                 .L0 
80200f2c 80200f2c        0     1                 .L0 
80200f2e 80200f2e        0     1                 .L0 
80200f36 80200f36        0     1                 .L0 
80200f3c 80200f3c        0     1                 .L0 
80200f42 80200f42        0     1                 .L0 
80200f46 80200f46        0     1                 .L0 
80200f48 80200f48        0     1                 .L0 
80200f48 80200f48        0     1                 .L0 
80200f4c 80200f4c        0     1                 .L0 
80200f5c 80200f5c        0     1                 .L0 
80200f5c 80200f5c        0     1                 .L0 
80200f5e 80200f5e        0     1                 .L0 
80200f5e 80200f5e        0     1                 .L0 
80200f60 80200f60        0     1                 .L0 
80200f60 80200f60        0     1                 .L0 
80200f60 80200f60        0     1                 .L0 
80200f60 80200f60        0     1                 .L0 
80200f60 80200f60        0     1                 .L0 
80200f60 80200f60      226     1                 handle_syscall
80200f7c 80200f7c        0     1                 .L0 
80200f7c 80200f7c        0     1                 .L0 
80200f9c 80200f9c        0     1                 .L0 
80200fa0 80200fa0        0     1                 .L0 
80200fa2 80200fa2        0     1                 .L0 
80200fa6 80200fa6        0     1                 .L0 
80200fa8 80200fa8        0     1                 .L0 
80200fac 80200fac        0     1                 .L0 
80200fae 80200fae        0     1                 .L0 
80200fb2 80200fb2        0     1                 .L0 
80200fb6 80200fb6        0     1                 .L0 
80200fba 80200fba        0     1                 .L0 
80200fbc 80200fbc        0     1                 .L0 
80200fc6 80200fc6        0     1                 .L0 
80200fc6 80200fc6        0     1                 .L0 
80200fcc 80200fcc        0     1                 .L0 
80200fce 80200fce        0     1                 .L0 
80200fd0 80200fd0        0     1                 .L0 
80200fd0 80200fd0        0     1                 .L0 
80200fe6 80200fe6        0     1                 .L0 
80200fe6 80200fe6        0     1                 .L0 
80200fe8 80200fe8        0     1                 .L0 
80200fe8 80200fe8        0     1                 .L0 
80200fe8 80200fe8        0     1                 .L0 
80200ff2 80200ff2        0     1                 .L0 
80200ff2 80200ff2        0     1                 .L0 
80201008 80201008        0     1                 .L0 
80201018 80201018        0     1                 .L0 
80201028 80201028        0     1                 .L0 
80201030 80201030        0     1                 .L0 
80201030 80201030        0     1                 .L0 
80201038 80201038        0     1                 .L0 
80201040 80201040        0     1                 .L0 
80201040 80201040        0     1                 .L0 
80201042 80201042        0     1                 .L0 
80201042 80201042        0     1                 .L0 
80201046 80201046        0     1                 .L0 
80201052 80201052        0     1                 .L0 
80201052 80201052        0     1                 .L0 
80201054 80201054        0     1                 .L0 
80201054 80201054        0     1                 .L0 
80201060 80201060        0     1                 .L0 
80201060 80201060        0     1                 .L0 
80201062 80201062        0     1                 .L0 
80201062 80201062        0     1                 .L0 
80201064 80201064        0     1                 .L0 
80201064 80201064        0     1                 .L0 
80201064 80201064        0     1                 .L0 
80201068 80201068        0     1                 .L0 
80201068 80201068        0     1                 .L0 
8020107a 8020107a        0     1                 .L0 
8020107a 8020107a        0     1                 .L0 
8020107c 8020107c        0     1                 .L0 
8020107c 8020107c        0     1                 .L0 
8020107c 8020107c        0     1                 .L0 
80201090 80201090        0     1                 .L0 
80201090 80201090        0     1                 .L0 
80201094 80201094        0     1                 .L0 
80201094 80201094        0     1                 .L0 
80201094 80201094        0     1                 .L0 
80201096 80201096        0     1                 .L0 
80201096 80201096        0     1                 .L0 
802010aa 802010aa        0     1                 .L0 
802010aa 802010aa        0     1                 .L0 
802010ae 802010ae        0     1                 .L0 
802010ae 802010ae        0     1                 .L0 
802010ae 802010ae        0     1                 .L0 
802010ca 802010ca        0     1                 .L0 
802010ca 802010ca        0     1                 .L0 
802010ca 802010ca        0     1                 .L0 
802010e0 802010e0        0     1                 .L0 
802010e0 802010e0        0     1                 .L0 
802010e2 802010e2        0     1                 .L0 
802010e2 802010e2        0     1                 .L0 
802010e6 802010e6        0     1                 .L0 
802010e6 802010e6        0     1                 .L0 
802010fe 802010fe        0     1                 .L0 
80201100 80201100        0     1                 .L0 
80201108 80201108        0     1                 .L0 
8020110c 8020110c        0     1                 .L0 
80201110 80201110        0     1                 .L0 
80201110 80201110        0     1                 .L0 
80201112 80201112        0     1                 .L0 
80201112 80201112        0     1                 .L0 
80201130 80201130        0     1                 .L0 
80201134 80201134        0     1                 .L0 
80201138 80201138        0     1                 .L0 
8020113e 8020113e        0     1                 .L0 
8020113e 8020113e        0     1                 .L0 
80201142 80201142        0     1                 .L0 
80201146 80201146        0     1                 .L0 
80201146 80201146        0     1                 .L0 
80201148 80201148        0     1                 .L0 
80201148 80201148        0     1                 .L0 
80201148 80201148        0     1                 .L0 
8020114c 8020114c        0     1                 .L0 
80201150 80201150        0     1                 .L0 
80201150 80201150        0     1                 .L0 
80201150 80201150        0     1                 .L0 
8020116a 8020116a        0     1                 .L0 
8020116a 8020116a        0     1                 .L0 
8020116e 8020116e        0     1                 .L0 
80201182 80201182        0     1                 .L0 
80201186 80201186        0     1                 .L0 
80201186 80201186        0     1                 .L0 
80201186 80201186        0     1                 .L0 
80201186 80201186        0     1                 .L0 
80201186 80201186        0     1                 .L0 
80201186 80201186       42     1                 handle_trap
8020118c 8020118c        0     1                 .L0 
8020118c 8020118c        0     1                 .L0 
80201190 80201190        0     1                 .L0 
80201190 80201190        0     1                 .L0 
80201194 80201194        0     1                 .L0 
80201194 80201194        0     1                 .L0 
80201196 80201196        0     1                 .L0 
80201196 80201196        0     1                 .L0 
8020119a 8020119a        0     1                 .L0 
8020119a 8020119a        0     1                 .L0 
8020119e 8020119e        0     1                 .L0 
8020119e 8020119e        0     1                 .L0 
802011a0 802011a0        0     1                 .L0 
802011a0 802011a0        0     1                 .L0 
802011a2 802011a2        0     1                 .L0 
802011a2 802011a2        0     1                 .L0 
802011aa 802011aa        0     1                 .L0 
802011aa 802011aa        0     1                 .L0 
802011ae 802011ae        0     1                 .L0 
802011ae 802011ae        0     1                 .L0 
802011ae 802011ae        0     1                 .L0 
802011b2 802011b2        0     1                 .L0 
802011c6 802011c6        0     1                 .L0 
802011c6 802011c6        0     1                 .L0 
802011c8 802011c8        0     1                 .L0 
802011c8 802011c8        0     1                 .L0 
802011c8 802011c8        0     1                 .L0 
802011c8 802011c8        0     1                 .L0 
802011c8 802011c8        0     1                 .L0 
802011c8 802011c8       7e     1                 kernel_main
802011cc 802011cc        0     1                 .L0 
802011e2 802011e2        0     1                 .L0 
802011e2 802011e2        0     1                 .L0 
802011ec 802011ec        0     1                 .L0 
802011ec 802011ec        0     1                 .L0 
802011f4 802011f4        0     1                 .L0 
802011f8 802011f8        0     1                 .L0 
802011f8 802011f8        0     1                 .L0 
802011fc 802011fc        0     1                 .L0 
802011fc 802011fc        0     1                 .L0 
80201200 80201200        0     1                 .L0 
80201200 80201200        0     1                 .L0 
80201206 80201206        0     1                 .L0 
80201206 80201206        0     1                 .L0 
80201210 80201210        0     1                 .L0 
80201212 80201212        0     1                 .L0 
8020121a 8020121a        0     1                 .L0 
8020122c 8020122c        0     1                 .L0 
8020122c 8020122c        0     1                 .L0 
8020122e 8020122e        0     1                 .L0 
8020122e 8020122e        0     1                 .L0 
80201244 80201244        0     1                 .L0 
80201244 80201244        0     1                 .L0 
80201246 80201246        0     1                 .L0 
80201246 80201246        0     1                 .L0 
80201246 80201246      23a     2         /tmp/common-23770e.o:(.text)
80201246 80201246        0     1                 .L0 
80201246 80201246        0     1                 .L0 
80201246 80201246        0     1                 $x
80201246 80201246        0     1                 .L0 
80201246 80201246       16     1                 memset
8020124a 8020124a        0     1                 .L0 
8020124a 8020124a        0     1                 .L0 
8020124c 8020124c        0     1                 .L0 
8020124c 8020124c        0     1                 .L0 
8020124c 8020124c        0     1                 .L0 
80201250 80201250        0     1                 .L0 
80201250 80201250        0     1                 .L0 
80201254 80201254        0     1                 .L0 
80201256 80201256        0     1                 .L0 
80201256 80201256        0     1                 .L0 
8020125a 8020125a        0     1                 .L0 
8020125a 8020125a        0     1                 .L0 
8020125a 8020125a        0     1                 .L0 
8020125c 8020125c        0     1                 .L0 
8020125c 8020125c        0     1                 .L0 
8020125c 8020125c        0     1                 .L0 
8020125c 8020125c        0     1                 .L0 
8020125c 8020125c        0     1                 .L0 
8020125c 8020125c       1c     1                 memcpy
80201260 80201260        0     1                 .L0 
80201260 80201260        0     1                 .L0 
80201262 80201262        0     1                 .L0 
80201262 80201262        0     1                 .L0 
80201262 80201262        0     1                 .L0 
80201266 80201266        0     1                 .L0 
80201268 80201268        0     1                 .L0 
8020126c 8020126c        0     1                 .L0 
8020126c 8020126c        0     1                 .L0 
80201270 80201270        0     1                 .L0 
80201272 80201272        0     1                 .L0 
80201272 80201272        0     1                 .L0 
80201276 80201276        0     1                 .L0 
80201276 80201276        0     1                 .L0 
80201276 80201276        0     1                 .L0 
80201278 80201278        0     1                 .L0 
80201278 80201278        0     1                 .L0 
80201278 80201278        0     1                 .L0 
80201278 80201278        0     1                 .L0 
80201278 80201278        0     1                 .L0 
80201278 80201278       24     1                 strcpy
8020127e 8020127e        0     1                 .L0 
80201282 80201282        0     1                 .L0 
80201282 80201282        0     1                 .L0 
80201284 80201284        0     1                 .L0 
80201284 80201284        0     1                 .L0 
80201284 80201284        0     1                 .L0 
80201288 80201288        0     1                 .L0 
8020128c 8020128c        0     1                 .L0 
80201290 80201290        0     1                 .L0 
80201290 80201290        0     1                 .L0 
80201292 80201292        0     1                 .L0 
80201292 80201292        0     1                 .L0 
80201294 80201294        0     1                 .L0 
80201296 80201296        0     1                 .L0 
80201296 80201296        0     1                 .L0 
80201296 80201296        0     1                 .L0 
8020129a 8020129a        0     1                 .L0 
8020129c 8020129c        0     1                 .L0 
8020129c 8020129c        0     1                 .L0 
8020129c 8020129c        0     1                 .L0 
8020129c 8020129c        0     1                 .L0 
8020129c 8020129c        0     1                 .L0 
8020129c 8020129c       24     1                 strcmp
802012a0 802012a0        0     1                 .L0 
802012a2 802012a2        0     1                 .L0 
802012a4 802012a4        0     1                 .L0 
802012a4 802012a4        0     1                 .L0 
802012a4 802012a4        0     1                 .L0 
802012a8 802012a8        0     1                 .L0 
802012ac 802012ac        0     1                 .L0 
802012ac 802012ac        0     1                 .L0 
802012b0 802012b0        0     1                 .L0 
802012b2 802012b2        0     1                 .L0 
802012b4 802012b4        0     1                 .L0 
802012b6 802012b6        0     1                 .L0 
802012b6 802012b6        0     1                 .L0 
802012ba 802012ba        0     1                 .L0 
802012be 802012be        0     1                 .L0 
802012c0 802012c0        0     1                 .L0 
802012c0 802012c0        0     1                 .L0 
802012c0 802012c0        0     1                 .L0 
802012c0 802012c0        0     1                 .L0 
802012c0 802012c0        0     1                 .L0 
802012c0 802012c0      1c0     1                 printf
802012de 802012de        0     1                 .L0 
802012ee 802012ee        0     1                 .L0 
80201316 80201316        0     1                 .L0 
80201316 80201316        0     1                 .L0 
8020131a 8020131a        0     1                 .L0 
8020131a 8020131a        0     1                 .L0 
8020131c 8020131c        0     1                 .L0 
8020131c 8020131c        0     1                 .L0 
80201320 80201320        0     1                 .L0 
80201328 80201328        0     1                 .L0 
80201328 80201328        0     1                 .L0 
8020132c 8020132c        0     1                 .L0 
8020132c 8020132c        0     1                 .L0 
8020132e 8020132e        0     1                 .L0 
80201330 80201330        0     1                 .L0 
80201330 80201330        0     1                 .L0 
80201334 80201334        0     1                 .L0 
80201336 80201336        0     1                 .L0 
80201346 80201346        0     1                 .L0 
80201346 80201346        0     1                 .L0 
80201352 80201352        0     1                 .L0 
80201352 80201352        0     1                 .L0 
80201356 80201356        0     1                 .L0 
80201356 80201356        0     1                 .L0 
80201358 80201358        0     1                 .L0 
8020135e 8020135e        0     1                 .L0 
8020135e 8020135e        0     1                 .L0 
8020135e 8020135e        0     1                 .L0 
80201366 80201366        0     1                 .L0 
80201366 80201366        0     1                 .L0 
80201370 80201370        0     1                 .L0 
80201370 80201370        0     1                 .L0 
80201374 80201374        0     1                 .L0 
80201374 80201374        0     1                 .L0 
80201376 80201376        0     1                 .L0 
8020137a 8020137a        0     1                 .L0 
8020137e 8020137e        0     1                 .L0 
8020137e 8020137e        0     1                 .L0 
80201384 80201384        0     1                 .L0 
80201384 80201384        0     1                 .L0 
80201386 80201386        0     1                 .L0 
8020138a 8020138a        0     1                 .L0 
8020138e 8020138e        0     1                 .L0 
8020138e 8020138e        0     1                 .L0 
80201394 80201394        0     1                 .L0 
80201394 80201394        0     1                 .L0 
80201396 80201396        0     1                 .L0 
8020139a 8020139a        0     1                 .L0 
8020139e 8020139e        0     1                 .L0 
8020139e 8020139e        0     1                 .L0 
802013a4 802013a4        0     1                 .L0 
802013a4 802013a4        0     1                 .L0 
802013a6 802013a6        0     1                 .L0 
802013aa 802013aa        0     1                 .L0 
802013ae 802013ae        0     1                 .L0 
802013ae 802013ae        0     1                 .L0 
802013b4 802013b4        0     1                 .L0 
802013b4 802013b4        0     1                 .L0 
802013b6 802013b6        0     1                 .L0 
802013ba 802013ba        0     1                 .L0 
802013be 802013be        0     1                 .L0 
802013be 802013be        0     1                 .L0 
802013c4 802013c4        0     1                 .L0 
802013c4 802013c4        0     1                 .L0 
802013c6 802013c6        0     1                 .L0 
802013ca 802013ca        0     1                 .L0 
802013ce 802013ce        0     1                 .L0 
802013ce 802013ce        0     1                 .L0 
802013d4 802013d4        0     1                 .L0 
802013d4 802013d4        0     1                 .L0 
802013d6 802013d6        0     1                 .L0 
802013da 802013da        0     1                 .L0 
802013de 802013de        0     1                 .L0 
802013de 802013de        0     1                 .L0 
802013e0 802013e0        0     1                 .L0 
802013e0 802013e0        0     1                 .L0 
802013e2 802013e2        0     1                 .L0 
802013e6 802013e6        0     1                 .L0 
802013e6 802013e6        0     1                 .L0 
802013ea 802013ea        0     1                 .L0 
802013ea 802013ea        0     1                 .L0 
802013ec 802013ec        0     1                 .L0 
802013ee 802013ee        0     1                 .L0 
802013ee 802013ee        0     1                 .L0 
802013ee 802013ee        0     1                 .L0 
802013f8 802013f8        0     1                 .L0 
802013f8 802013f8        0     1                 .L0 
802013fc 802013fc        0     1                 .L0 
80201402 80201402        0     1                 .L0 
80201402 80201402        0     1                 .L0 
80201402 80201402        0     1                 .L0 
8020140a 8020140a        0     1                 .L0 
8020140a 8020140a        0     1                 .L0 
8020140e 8020140e        0     1                 .L0 
80201410 80201410        0     1                 .L0 
80201414 80201414        0     1                 .L0 
80201414 80201414        0     1                 .L0 
80201414 80201414        0     1                 .L0 
8020141c 8020141c        0     1                 .L0 
8020141c 8020141c        0     1                 .L0 
80201420 80201420        0     1                 .L0 
80201420 80201420        0     1                 .L0 
80201422 80201422        0     1                 .L0 
80201426 80201426        0     1                 .L0 
80201426 80201426        0     1                 .L0 
80201428 80201428        0     1                 .L0 
80201428 80201428        0     1                 .L0 
80201428 80201428        0     1                 .L0 
8020142c 8020142c        0     1                 .L0 
80201430 80201430        0     1                 .L0 
80201434 80201434        0     1                 .L0 
80201434 80201434        0     1                 .L0 
80201434 80201434        0     1                 .L0 
80201436 80201436        0     1                 .L0 
80201436 80201436        0     1                 .L0 
8020143a 8020143a        0     1                 .L0 
8020143e 8020143e        0     1                 .L0 
80201446 80201446        0     1                 .L0 
80201446 80201446        0     1                 .L0 
8020144e 8020144e        0     1                 .L0 
80201454 80201454        0     1                 .L0 
80201454 80201454        0     1                 .L0 
8020145a 8020145a        0     1                 .L0 
8020145a 8020145a        0     1                 .L0 
8020145a 8020145a        0     1                 .L0 
80201462 80201462        0     1                 .L0 
80201462 80201462        0     1                 .L0 
80201462 80201462        0     1                 .L0 
80201466 80201466        0     1                 .L0 
8020147c 8020147c        0     1                 .L0 
80201480 80201480        0     1                 .L0 
80201480 80201480        0     1                 .L0 
80201480 80201480      2ec     4 .rodata
80201480 80201480      2ec     1         <internal>:(.rodata.str1.1)
8020176c 8020176c    10440     4 .data
8020176c 8020176c    10440     1         shell.bin.o:(.data)
8020176c 8020176c        0     1                 _binary_shell_bin_start
80211bac 80211bac        0     1                 _binary_shell_bin_end
80211bac 80211bac        4     4 .sdata
80211bac 80211bac        4     4         /tmp/kernel-6d6dd8.o:(.sdata)
80211bac 80211bac        4     1                 alloc_pages.next_paddr
80211bac 80211bac        0     1                 $d
80211bb0 80211bb0    11370     4 .bss
80211bb0 80211bb0        0     1         __bss = .
80211bb0 80211bb0       18     4         /tmp/kernel-6d6dd8.o:(.sbss)
80211bb0 80211bb0        0     1                 $d
80211bb0 80211bb0        4     1                 blk_request_vq
80211bb4 80211bb4        4     1                 blk_capacity
80211bb8 80211bb8        4     1                 blk_req_paddr
80211bbc 80211bbc        4     1                 blk_req
80211bc0 80211bc0        4     1                 idle_proc
80211bc4 80211bc4        4     1                 current_proc
80211bc8 80211bc8    11358     4         /tmp/kernel-6d6dd8.o:(.bss)
80211bc8 80211bc8        0     1                 $d
80211bc8 80211bc8      a00     1                 disk
802125c8 802125c8      8d8     1                 files
80212ea0 80212ea0    10080     1                 procs
80222f20 80222f20        0     1         __bss_end = .
80222f20 80222f20        0     1 . = ALIGN ( 4 )
80222f20 80222f20    20000     1 . += 128 * 1024
80242f20 80242f20        0     1 __stack_top = .
80242f20 80242f20       e0     1 . = ALIGN ( 4096 )
80243000 80243000        0     1 __free_ram = .
80243000 80243000  4000000     1 . += 64 * 1024 * 1024
84243000 84243000        0     1 __free_ram_end = .
       0        0      dad     1 .debug_loclists
       0        0      c08     1         /tmp/kernel-6d6dd8.o:(.debug_loclists)
       0        0        0     1                 $d
       c        c        0     1                 .L0 
     c08      c08      1a5     1         /tmp/common-23770e.o:(.debug_loclists)
     c08      c08        0     1                 $d
     c14      c14        0     1                 .L0 
       0        0      463     1 .debug_abbrev
       0        0      336     1         /tmp/kernel-6d6dd8.o:(.debug_abbrev)
       0        0        0     1                 $d
     336      336      12d     1         /tmp/common-23770e.o:(.debug_abbrev)
     336      336        0     1                 $d
       0        0     18bc     1 .debug_info
       0        0     1687     1         /tmp/kernel-6d6dd8.o:(.debug_info)
       0        0        0     1                 $d
    1687     1687      235     1         /tmp/common-23770e.o:(.debug_info)
    1687     1687        0     1                 $d
       0        0      136     1 .debug_rnglists
       0        0      11b     1         /tmp/kernel-6d6dd8.o:(.debug_rnglists)
       0        0        0     1                 $d
       c        c        0     1                 .L0 
     11b      11b       1b     1         /tmp/common-23770e.o:(.debug_rnglists)
     11b      11b        0     1                 $d
     127      127        0     1                 .L0 
       0        0      390     1 .debug_str_offsets
       0        0      2fc     1         /tmp/kernel-6d6dd8.o:(.debug_str_offsets)
       0        0        0     1                 $d
       8        8        0     1                 .L0 
     2fc      2fc       94     1         /tmp/common-23770e.o:(.debug_str_offsets)
     2fc      2fc        0     1                 $d
     304      304        0     1                 .L0 
       0        0      5fe     1 .debug_str
       0        0      5fe     1         <internal>:(.debug_str)
       0        0      340     1 .debug_addr
       0        0      2e0     1         /tmp/kernel-6d6dd8.o:(.debug_addr)
       0        0        0     1                 $d
       8        8        0     1                 .L0 
     2e0      2e0       60     1         /tmp/common-23770e.o:(.debug_addr)
     2e0      2e0        0     1                 $d
     2e8      2e8        0     1                 .L0 
       0        0       29     1 .comment
       0        0       29     1         <internal>:(.comment)
       0        0       34     1 .riscv.attributes
       0        0       34     1         <internal>:(.riscv.attributes)
       0        0      31c     4 .debug_frame
       0        0      298     4         /tmp/kernel-6d6dd8.o:(.debug_frame)
       0        0        0     1                 .L0 
       0        0        0     1                 $d
     298      298       84     4         /tmp/common-23770e.o:(.debug_frame)
     298      298        0     1                 .L0 
     298      298        0     1                 $d
       0        0     19ca     1 .debug_line
       0        0     15f4     1         /tmp/kernel-6d6dd8.o:(.debug_line)
       0        0        0     1                 .Lline_table_start0
       0        0        0     1                 $d
    15f4     15f4      3d6     1         /tmp/common-23770e.o:(.debug_line)
    15f4     15f4        0     1                 .Lline_table_start0
    15f4     15f4        0     1                 $d
       0        0       4b     1 .debug_line_str
       0        0       4b     1         <internal>:(.debug_line_str)
       0        0      560     4 .symtab
       0        0      560     4         <internal>:(.symtab)
       0        0       e3     1 .shstrtab
       0        0       e3     1         <internal>:(.shstrtab)
       0        0      2de     1 .strtab
       0        0      2de     1         <internal>:(.strtab)
