     VMA      LMA     Size Align Out     In      Symbol
       0        0  1000000     1 . = 0x1000000
 1000000  1000000      39a     2 .text
 1000000  1000000        e     2         /tmp/user-7b4433.o:(.text.start)
 1000000  1000000        0     1                 .L0 
 1000000  1000000        0     1                 .L0 
 1000000  1000000        0     1                 $x
 1000000  1000000        0     1                 .L0 
 1000000  1000000        e     1                 start
 100000e  100000e        0     1                 .L0 
 100000e  100000e        0     1                 .L0 
 100000e  100000e      124     2         /tmp/shell-d290c7.o:(.text)
 100000e  100000e        0     1                 .L0 
 100000e  100000e        0     1                 .L0 
 100000e  100000e        0     1                 $x
 100000e  100000e        0     1                 .L0 
 100000e  100000e      124     1                 main
 1000088  1000088        0     1                 .L0 
 1000088  1000088        0     1                 .L0 
 1000088  1000088        0     1                 .L0 
 1000092  1000092        0     1                 .L0 
 1000092  1000092        0     1                 .L0 
 1000092  1000092        0     1                 .L0 
 1000096  1000096        0     1                 .L0 
 1000096  1000096        0     1                 .L0 
 1000098  1000098        0     1                 .L0 
 100009a  100009a        0     1                 .L0 
 10000a0  10000a0        0     1                 .L0 
 10000a0  10000a0        0     1                 .L0 
 10000a8  10000a8        0     1                 .L0 
 10000a8  10000a8        0     1                 .L0 
 10000a8  10000a8        0     1                 .L0 
 10000ac  10000ac        0     1                 .L0 
 10000b0  10000b0        0     1                 .L0 
 10000b4  10000b4        0     1                 .L0 
 10000b4  10000b4        0     1                 .L0 
 10000b6  10000b6        0     1                 .L0 
 10000b8  10000b8        0     1                 .L0 
 10000bc  10000bc        0     1                 .L0 
 10000be  10000be        0     1                 .L0 
 10000be  10000be        0     1                 .L0 
 10000c2  10000c2        0     1                 .L0 
 10000c2  10000c2        0     1                 .L0 
 10000c6  10000c6        0     1                 .L0 
 10000ca  10000ca        0     1                 .L0 
 10000ca  10000ca        0     1                 .L0 
 10000cc  10000cc        0     1                 .L0 
 10000cc  10000cc        0     1                 .L0 
 10000cc  10000cc        0     1                 .L0 
 10000d0  10000d0        0     1                 .L0 
 10000d0  10000d0        0     1                 .L0 
 10000d4  10000d4        0     1                 .L0 
 10000d4  10000d4        0     1                 .L0 
 10000da  10000da        0     1                 .L0 
 10000da  10000da        0     1                 .L0 
 10000dc  10000dc        0     1                 .L0 
 10000dc  10000dc        0     1                 .L0 
 10000e2  10000e2        0     1                 .L0 
 10000e2  10000e2        0     1                 .L0 
 10000e4  10000e4        0     1                 .L0 
 10000ea  10000ea        0     1                 .L0 
 10000ea  10000ea        0     1                 .L0 
 10000ec  10000ec        0     1                 .L0 
 10000f2  10000f2        0     1                 .L0 
 10000f2  10000f2        0     1                 .L0 
 10000f4  10000f4        0     1                 .L0 
 1000100  1000100        0     1                 .L0 
 1000100  1000100        0     1                 .L0 
 1000102  1000102        0     1                 .L0 
 1000102  1000102        0     1                 .L0 
 1000102  1000102        0     1                 .L0 
 100010c  100010c        0     1                 .L0 
 100010c  100010c        0     1                 .L0 
 1000110  1000110        0     1                 .L0 
 1000110  1000110        0     1                 .L0 
 1000114  1000114        0     1                 .L0 
 100011e  100011e        0     1                 .L0 
 100011e  100011e        0     1                 .L0 
 1000120  1000120        0     1                 .L0 
 1000120  1000120        0     1                 .L0 
 1000120  1000120        0     1                 .L0 
 100012e  100012e        0     1                 .L0 
 1000130  1000130        0     1                 .L0 
 1000130  1000130        0     1                 .L0 
 1000132  1000132        0     1                 .L0 
 1000132  1000132        0     1                 .L0 
 1000132  1000132        0     1                 .L0 
 1000132  1000132       48     2         /tmp/user-7b4433.o:(.text)
 1000132  1000132        0     1                 .L0 
 1000132  1000132        0     1                 .L0 
 1000132  1000132        0     1                 $x
 1000132  1000132        0     1                 .L0 
 1000132  1000132       10     1                 syscall
 1000134  1000134        0     1                 .L0 
 1000140  1000140        0     1                 .L0 
 1000142  1000142        0     1                 .L0 
 1000142  1000142        0     1                 .L0 
 1000142  1000142        0     1                 .L0 
 1000142  1000142        c     1                 putchar
 100014c  100014c        0     1                 .L0 
 100014e  100014e        0     1                 .L0 
 100014e  100014e        0     1                 .L0 
 100014e  100014e        0     1                 .L0 
 100014e  100014e        e     1                 getchar
 100015a  100015a        0     1                 .L0 
 100015c  100015c        0     1                 .L0 
 100015c  100015c        0     1                 .L0 
 100015c  100015c        0     1                 .L0 
 100015c  100015c        8     1                 readfile
 1000162  1000162        0     1                 .L0 
 1000164  1000164        0     1                 .L0 
 1000164  1000164        0     1                 .L0 
 1000164  1000164        0     1                 .L0 
 1000164  1000164        8     1                 writefile
 100016a  100016a        0     1                 .L0 
 100016c  100016c        0     1                 .L0 
 100016c  100016c        0     1                 .L0 
 100016c  100016c        0     1                 .L0 
 100016c  100016c        e     1                 exit
 1000178  1000178        0     1                 .L0 
 1000178  1000178        0     1                 .L0 
 100017a  100017a        0     1                 .L0 
 100017a  100017a        0     1                 .L0 
 100017a  100017a      220     2         /tmp/common-9aefd4.o:(.text)
 100017a  100017a        0     1                 .L0 
 100017a  100017a        0     1                 .L0 
 100017a  100017a        0     1                 $x
 100017a  100017a        0     1                 .L0 
 100017a  100017a       16     1                 memset
 100017e  100017e        0     1                 .L0 
 100017e  100017e        0     1                 .L0 
 1000180  1000180        0     1                 .L0 
 1000180  1000180        0     1                 .L0 
 1000180  1000180        0     1                 .L0 
 1000184  1000184        0     1                 .L0 
 1000184  1000184        0     1                 .L0 
 1000188  1000188        0     1                 .L0 
 100018a  100018a        0     1                 .L0 
 100018a  100018a        0     1                 .L0 
 100018e  100018e        0     1                 .L0 
 100018e  100018e        0     1                 .L0 
 100018e  100018e        0     1                 .L0 
 1000190  1000190        0     1                 .L0 
 1000190  1000190        0     1                 .L0 
 1000190  1000190        0     1                 .L0 
 1000190  1000190        0     1                 .L0 
 1000190  1000190        0     1                 .L0 
 1000190  1000190       1c     1                 memcpy
 1000194  1000194        0     1                 .L0 
 1000194  1000194        0     1                 .L0 
 1000196  1000196        0     1                 .L0 
 1000196  1000196        0     1                 .L0 
 1000196  1000196        0     1                 .L0 
 100019a  100019a        0     1                 .L0 
 100019c  100019c        0     1                 .L0 
 10001a0  10001a0        0     1                 .L0 
 10001a0  10001a0        0     1                 .L0 
 10001a4  10001a4        0     1                 .L0 
 10001a6  10001a6        0     1                 .L0 
 10001a6  10001a6        0     1                 .L0 
 10001aa  10001aa        0     1                 .L0 
 10001aa  10001aa        0     1                 .L0 
 10001aa  10001aa        0     1                 .L0 
 10001ac  10001ac        0     1                 .L0 
 10001ac  10001ac        0     1                 .L0 
 10001ac  10001ac        0     1                 .L0 
 10001ac  10001ac        0     1                 .L0 
 10001ac  10001ac        0     1                 .L0 
 10001ac  10001ac       24     1                 strcpy
 10001b2  10001b2        0     1                 .L0 
 10001b6  10001b6        0     1                 .L0 
 10001b6  10001b6        0     1                 .L0 
 10001b8  10001b8        0     1                 .L0 
 10001b8  10001b8        0     1                 .L0 
 10001b8  10001b8        0     1                 .L0 
 10001bc  10001bc        0     1                 .L0 
 10001c0  10001c0        0     1                 .L0 
 10001c4  10001c4        0     1                 .L0 
 10001c4  10001c4        0     1                 .L0 
 10001c6  10001c6        0     1                 .L0 
 10001c6  10001c6        0     1                 .L0 
 10001c8  10001c8        0     1                 .L0 
 10001ca  10001ca        0     1                 .L0 
 10001ca  10001ca        0     1                 .L0 
 10001ca  10001ca        0     1                 .L0 
 10001ce  10001ce        0     1                 .L0 
 10001d0  10001d0        0     1                 .L0 
 10001d0  10001d0        0     1                 .L0 
 10001d0  10001d0        0     1                 .L0 
 10001d0  10001d0        0     1                 .L0 
 10001d0  10001d0        0     1                 .L0 
 10001d0  10001d0       24     1                 strcmp
 10001d4  10001d4        0     1                 .L0 
 10001d6  10001d6        0     1                 .L0 
 10001d8  10001d8        0     1                 .L0 
 10001d8  10001d8        0     1                 .L0 
 10001d8  10001d8        0     1                 .L0 
 10001dc  10001dc        0     1                 .L0 
 10001e0  10001e0        0     1                 .L0 
 10001e0  10001e0        0     1                 .L0 
 10001e4  10001e4        0     1                 .L0 
 10001e6  10001e6        0     1                 .L0 
 10001e8  10001e8        0     1                 .L0 
 10001ea  10001ea        0     1                 .L0 
 10001ea  10001ea        0     1                 .L0 
 10001ee  10001ee        0     1                 .L0 
 10001f2  10001f2        0     1                 .L0 
 10001f4  10001f4        0     1                 .L0 
 10001f4  10001f4        0     1                 .L0 
 10001f4  10001f4        0     1                 .L0 
 10001f4  10001f4        0     1                 .L0 
 10001f4  10001f4        0     1                 .L0 
 10001f4  10001f4      1a6     1                 printf
 1000212  1000212        0     1                 .L0 
 1000222  1000222        0     1                 .L0 
 100024a  100024a        0     1                 .L0 
 100024a  100024a        0     1                 .L0 
 100024e  100024e        0     1                 .L0 
 100024e  100024e        0     1                 .L0 
 1000250  1000250        0     1                 .L0 
 1000250  1000250        0     1                 .L0 
 1000254  1000254        0     1                 .L0 
 100025c  100025c        0     1                 .L0 
 100025c  100025c        0     1                 .L0 
 100025e  100025e        0     1                 .L0 
 100025e  100025e        0     1                 .L0 
 1000260  1000260        0     1                 .L0 
 1000262  1000262        0     1                 .L0 
 1000262  1000262        0     1                 .L0 
 1000266  1000266        0     1                 .L0 
 1000268  1000268        0     1                 .L0 
 1000278  1000278        0     1                 .L0 
 1000278  1000278        0     1                 .L0 
 1000284  1000284        0     1                 .L0 
 1000284  1000284        0     1                 .L0 
 1000288  1000288        0     1                 .L0 
 1000288  1000288        0     1                 .L0 
 100028a  100028a        0     1                 .L0 
 1000290  1000290        0     1                 .L0 
 1000290  1000290        0     1                 .L0 
 1000290  1000290        0     1                 .L0 
 1000298  1000298        0     1                 .L0 
 1000298  1000298        0     1                 .L0 
 10002a2  10002a2        0     1                 .L0 
 10002a2  10002a2        0     1                 .L0 
 10002a6  10002a6        0     1                 .L0 
 10002a6  10002a6        0     1                 .L0 
 10002a8  10002a8        0     1                 .L0 
 10002ac  10002ac        0     1                 .L0 
 10002ae  10002ae        0     1                 .L0 
 10002ae  10002ae        0     1                 .L0 
 10002b4  10002b4        0     1                 .L0 
 10002b4  10002b4        0     1                 .L0 
 10002b6  10002b6        0     1                 .L0 
 10002ba  10002ba        0     1                 .L0 
 10002bc  10002bc        0     1                 .L0 
 10002bc  10002bc        0     1                 .L0 
 10002c2  10002c2        0     1                 .L0 
 10002c2  10002c2        0     1                 .L0 
 10002c4  10002c4        0     1                 .L0 
 10002c8  10002c8        0     1                 .L0 
 10002ca  10002ca        0     1                 .L0 
 10002ca  10002ca        0     1                 .L0 
 10002d0  10002d0        0     1                 .L0 
 10002d0  10002d0        0     1                 .L0 
 10002d2  10002d2        0     1                 .L0 
 10002d6  10002d6        0     1                 .L0 
 10002d8  10002d8        0     1                 .L0 
 10002d8  10002d8        0     1                 .L0 
 10002de  10002de        0     1                 .L0 
 10002de  10002de        0     1                 .L0 
 10002e0  10002e0        0     1                 .L0 
 10002e4  10002e4        0     1                 .L0 
 10002e6  10002e6        0     1                 .L0 
 10002e6  10002e6        0     1                 .L0 
 10002ec  10002ec        0     1                 .L0 
 10002ec  10002ec        0     1                 .L0 
 10002ee  10002ee        0     1                 .L0 
 10002f2  10002f2        0     1                 .L0 
 10002f4  10002f4        0     1                 .L0 
 10002f4  10002f4        0     1                 .L0 
 10002fa  10002fa        0     1                 .L0 
 10002fa  10002fa        0     1                 .L0 
 10002fc  10002fc        0     1                 .L0 
 1000300  1000300        0     1                 .L0 
 1000302  1000302        0     1                 .L0 
 1000302  1000302        0     1                 .L0 
 1000304  1000304        0     1                 .L0 
 1000304  1000304        0     1                 .L0 
 1000306  1000306        0     1                 .L0 
 100030a  100030a        0     1                 .L0 
 100030a  100030a        0     1                 .L0 
 100030c  100030c        0     1                 .L0 
 100030c  100030c        0     1                 .L0 
 100030e  100030e        0     1                 .L0 
 1000310  1000310        0     1                 .L0 
 1000310  1000310        0     1                 .L0 
 1000310  1000310        0     1                 .L0 
 100031a  100031a        0     1                 .L0 
 100031a  100031a        0     1                 .L0 
 100031e  100031e        0     1                 .L0 
 1000324  1000324        0     1                 .L0 
 1000324  1000324        0     1                 .L0 
 1000324  1000324        0     1                 .L0 
 100032a  100032a        0     1                 .L0 
 100032a  100032a        0     1                 .L0 
 100032e  100032e        0     1                 .L0 
 1000330  1000330        0     1                 .L0 
 1000334  1000334        0     1                 .L0 
 1000334  1000334        0     1                 .L0 
 1000334  1000334        0     1                 .L0 
 100033a  100033a        0     1                 .L0 
 100033a  100033a        0     1                 .L0 
 100033e  100033e        0     1                 .L0 
 100033e  100033e        0     1                 .L0 
 1000340  1000340        0     1                 .L0 
 1000344  1000344        0     1                 .L0 
 1000344  1000344        0     1                 .L0 
 1000346  1000346        0     1                 .L0 
 1000346  1000346        0     1                 .L0 
 1000346  1000346        0     1                 .L0 
 100034a  100034a        0     1                 .L0 
 100034e  100034e        0     1                 .L0 
 1000352  1000352        0     1                 .L0 
 1000352  1000352        0     1                 .L0 
 1000352  1000352        0     1                 .L0 
 1000354  1000354        0     1                 .L0 
 1000354  1000354        0     1                 .L0 
 1000358  1000358        0     1                 .L0 
 100035c  100035c        0     1                 .L0 
 1000362  1000362        0     1                 .L0 
 1000362  1000362        0     1                 .L0 
 100036a  100036a        0     1                 .L0 
 1000370  1000370        0     1                 .L0 
 1000370  1000370        0     1                 .L0 
 1000376  1000376        0     1                 .L0 
 1000376  1000376        0     1                 .L0 
 1000376  1000376        0     1                 .L0 
 100037c  100037c        0     1                 .L0 
 100037c  100037c        0     1                 .L0 
 100037c  100037c        0     1                 .L0 
 1000380  1000380        0     1                 .L0 
 1000396  1000396        0     1                 .L0 
 100039a  100039a        0     1                 .L0 
 100039a  100039a        0     1                 .L0 
 100039c  100039c       9a     4 .rodata
 100039c  100039c       9a     1         <internal>:(.rodata.str1.1)
 1000438  1000438    10008     4 .bss
 1000438  1000438        8     1         . = ALIGN ( 16 )
 1000440  1000440    10000     1         . += 64 * 1024
 1010440  1010440        0     1         __stack_top = .
 1010440  1010440        0     1         
       0        0      2e4     1 .debug_loclists
       0        0       5c     1         /tmp/shell-d290c7.o:(.debug_loclists)
       0        0        0     1                 $d
       c        c        0     1                 .L0 
      5c       5c       e3     1         /tmp/user-7b4433.o:(.debug_loclists)
      5c       5c        0     1                 $d
      68       68        0     1                 .L0 
     13f      13f      1a5     1         /tmp/common-9aefd4.o:(.debug_loclists)
     13f      13f        0     1                 $d
     14b      14b        0     1                 .L0 
       0        0      36d     1 .debug_abbrev
       0        0      107     1         /tmp/shell-d290c7.o:(.debug_abbrev)
       0        0        0     1                 $d
     107      107      139     1         /tmp/user-7b4433.o:(.debug_abbrev)
     107      107        0     1                 $d
     240      240      12d     1         /tmp/common-9aefd4.o:(.debug_abbrev)
     240      240        0     1                 $d
       0        0      74c     1 .debug_info
       0        0      274     1         /tmp/shell-d290c7.o:(.debug_info)
       0        0        0     1                 $d
     274      274      2a3     1         /tmp/user-7b4433.o:(.debug_info)
     274      274        0     1                 $d
     517      517      235     1         /tmp/common-9aefd4.o:(.debug_info)
     517      517        0     1                 $d
       0        0      154     1 .debug_str_offsets
       0        0       58     1         /tmp/shell-d290c7.o:(.debug_str_offsets)
       0        0        0     1                 $d
       8        8        0     1                 .L0 
      58       58       68     1         /tmp/user-7b4433.o:(.debug_str_offsets)
      58       58        0     1                 $d
      60       60        0     1                 .L0 
      c0       c0       94     1         /tmp/common-9aefd4.o:(.debug_str_offsets)
      c0       c0        0     1                 $d
      c8       c8        0     1                 .L0 
       0        0      193     1 .debug_str
       0        0      193     1         <internal>:(.debug_str)
       0        0      10c     1 .debug_addr
       0        0       88     1         /tmp/shell-d290c7.o:(.debug_addr)
       0        0        0     1                 $d
       8        8        0     1                 .L0 
      88       88       24     1         /tmp/user-7b4433.o:(.debug_addr)
      88       88        0     1                 $d
      90       90        0     1                 .L0 
      ac       ac       60     1         /tmp/common-9aefd4.o:(.debug_addr)
      ac       ac        0     1                 $d
      b4       b4        0     1                 .L0 
       0        0       29     1 .comment
       0        0       29     1         <internal>:(.comment)
       0        0       34     1 .riscv.attributes
       0        0       34     1         <internal>:(.riscv.attributes)
       0        0      14c     4 .debug_frame
       0        0       44     4         /tmp/shell-d290c7.o:(.debug_frame)
       0        0        0     1                 .L0 
       0        0        0     1                 $d
      44       44       84     4         /tmp/user-7b4433.o:(.debug_frame)
      44       44        0     1                 .L0 
      44       44        0     1                 $d
      c8       c8       84     4         /tmp/common-9aefd4.o:(.debug_frame)
      c8       c8        0     1                 .L0 
      c8       c8        0     1                 $d
       0        0      614     1 .debug_line
       0        0      182     1         /tmp/shell-d290c7.o:(.debug_line)
       0        0        0     1                 .Lline_table_start0
       0        0        0     1                 $d
     182      182       bc     1         /tmp/user-7b4433.o:(.debug_line)
     182      182        0     1                 .Lline_table_start0
     182      182        0     1                 $d
     23e      23e      3d6     1         /tmp/common-9aefd4.o:(.debug_line)
     23e      23e        0     1                 .Lline_table_start0
     23e      23e        0     1                 $d
       0        0       4f     1 .debug_line_str
       0        0       4f     1         <internal>:(.debug_line_str)
       0        0       32     1 .debug_rnglists
       0        0       17     1         /tmp/user-7b4433.o:(.debug_rnglists)
       0        0        0     1                 $d
       c        c        0     1                 .L0 
      17       17       1b     1         /tmp/common-9aefd4.o:(.debug_rnglists)
      17       17        0     1                 $d
      23       23        0     1                 .L0 
       0        0      3b0     4 .symtab
       0        0      3b0     4         <internal>:(.symtab)
       0        0       d6     1 .shstrtab
       0        0       d6     1         <internal>:(.shstrtab)
       0        0       fe     1 .strtab
       0        0       fe     1         <internal>:(.strtab)
